[elevaracc.com/index.html]
[backblue.gif]
[fade.gif]
[index.html]
[elevaracc.com/wp-includes/js/jquery/jquery4a5f.js]
[elevaracc.com/wp-content/themes/elevara/assets/js/indexad05.js]
[elevaracc.com/wp-content/themes/elevara/assets/js/functionsad05.js]
[elevaracc.com/wp-content/themes/elevara/assets/js/generalad05.js]
[elevaracc.com/wp-json/index.html]
[elevaracc.com/wp-json/wp/v2/pages/2.json]
[elevaracc.com/xmlrpc.b0db0.delayed]
[elevaracc.com/wp-json/oembed/1.0/embed335e.json]
[elevaracc.com/wp-json/oembed/1.0/embedb743]
[elevaracc.com/wp-content/uploads/2020/09/elevar.png]
[www.google-analytics.com/analytics.js]
[assets.calendly.com/assets/external/widget.css]
[elevaracc.com/business-owners/index.html]
[assets.calendly.com/assets/external/widget.js]
[elevaracc.com/exclusive-migration-services/index.html]
[elevaracc.com/accounting-firms/index.html]
[elevaracc.com/startups-and-smes/index.html]
[elevaracc.com/wp-content/uploads/2020/11/TypoVideo_01_Mobile.mp4]
[elevaracc.com/restaurant/index.html]
[elevaracc.com/wp-content/uploads/2020/10/Home-one-stop-Solution-e1603868995549.png]
[elevaracc.com/franchises-and-multi-locations/index.html]
[elevaracc.com/hotels/index.html]
[elevaracc.com/ecommerce/index.html]
[elevaracc.com/engagement-model/index.html]
[elevaracc.com/wp-content/uploads/2020/10/Affordable-and-Scalable-e1603869134800.png]
[elevaracc.com/sports/index.html]
[elevaracc.com/blog/index.html]
[elevaracc.com/wp-content/uploads/2020/10/Industry-Experts-e1603869229169.png]
[elevaracc.com/contact/index.html]
[elevaracc.com/data-security/index.html]
[elevaracc.com/wp-content/uploads/2020/10/Home-Tailor-Made-Solution-e1603869296530.png]
[elevaracc.com/wp-content/uploads/2020/10/Tech-driven.png]
[elevaracc.com/wp-content/uploads/2020/10/Home-Info-Security-e1603869395472.png]
[elevaracc.com/wp-content/uploads/2020/10/business-owner-small.jpg]
[elevaracc.com/wp-content/uploads/2020/10/accounting-firm.jpg]
[elevaracc.com/wp-content/uploads/2020/10/data-migration-1.jpg]
[elevaracc.com/wp-content/uploads/2022/10/Screen-Shot-2021-05-29-at-10.22.21-AM-1024x744-1.png]
[elevaracc.com/wp-content/uploads/2021/02/play-button-new.png]
[elevaracc.com/wp-content/uploads/2021/03/demario.jpg]
[elevaracc.com/wp-content/uploads/2021/11/abbyaldrich.jpg]
[elevaracc.com/wp-content/uploads/2021/02/Paul-Cain.png]
[elevaracc.com/wp-content/uploads/2021/02/crystal-allen.jpg]
[elevaracc.com/wp-content/uploads/2021/02/dorothyharvey.jpg]
[elevaracc.com/wp-content/uploads/2021/08/Andreas-Midtgaard.png]
[elevaracc.com/wp-content/uploads/2023/08/Planning-to-Outsource-Bookkeeping-Tasks-Read-This-Guide-First-1-1-550x315.jpg]
[elevaracc.com/wp-content/uploads/2023/08/9-Financial-Management-Tips-for-Small-Business-Owners-550x315.jpg]
[elevaracc.com/planning-to-outsource-bookkeeping-tasks-read-this-guide-first/index.html]
[elevaracc.com/wp-content/uploads/2023/07/Streamline-Your-Success-Unlocking-the-Benefits-of-Outsourcing-Bookkeeping-550x315.jpg]
[elevaracc.com/wp-content/uploads/2020/10/oie_2614517bsGtlEqp-2.png]
[elevaracc.com/9-financial-management-tips-for-small-business-owners/index.html]
[elevaracc.com/wp-content/uploads/2020/10/oie_LcrHATJjnz4a.png]
[elevaracc.com/streamline-your-success-unlocking-the-benefits-of-outsourcing-bookkeeping/index.html]
[elevaracc.com/wp-content/uploads/2020/10/oie_t4LxLmbLMatw.png]
[elevaracc.com/wp-content/uploads/2020/10/oie_KcuSlGmPzQSv.png]
[elevaracc.com/wp-content/uploads/2020/10/adp.jpg]
[elevaracc.com/wp-content/uploads/2020/10/oie_26134211KxCqF4Ky.png]
[elevaracc.com/wp-content/uploads/2020/10/new-logo-with-tagline-1200x278.png]
[elevaracc.com/wp-content/uploads/2020/10/oie_26141323LB1YyrG.png]
[elevaracc.com/wp-content/uploads/2020/10/paychecks.jpg]
[elevaracc.com/wp-content/themes/elevara/assets/images/f-logo.png]
[elevaracc.com/thank-you/index.html]
[elevaracc.com/wp-content/uploads/2020/11/Brochure.pdf]
[elevaracc.com/terms-of-service/index.html]
[elevaracc.com/privacy-policy/index.html]
[elevaracc.com/Brochure.36.delayed]
[elevaracc.com/wp-content/plugins/contact-form-7/includes/js/scripts9dff.js]
[elevaracc.com/wp-includes/js/wp-embed.min422b.js]
[www.google.com/recaptcha/api97a4.js]
[elevaracc.com/index.html]
[elevaracc.com/wp-includes/css/dist/block-library/style.min422b.css]
[elevaracc.com/wp-content/plugins/contact-form-7/assets/ajax-loader.gif]
[elevaracc.com/wp-content/plugins/contact-form-7/includes/css/styles9dff.css]
[elevaracc.com/wp-content/themes/elevara/stylead05.css]
[elevaracc.com/wp-content/themes/elevara/assets/images/owl.video.play.3b.delayed]
[elevaracc.com/wp-content/themes/elevara/assets/css/functionsad05.css]
[elevaracc.com/wp-content/themes/elevara/assets/images/quote.3c.delayed]
[elevaracc.com/wp-content/themes/elevara/assets/images/index-banner.jpg]
[elevaracc.com/wp-content/themes/elevara/assets/images/blog02.jpg]
[elevaracc.com/wp-content/themes/elevara/assets/images/watermark.png]
[elevaracc.com/wp-content/themes/elevara/assets/images/play-button.png]
[elevaracc.com/wp-content/themes/elevara/assets/images/pause-button.png]
[elevaracc.com/wp-content/themes/elevara/assets/images/watermark5.png]
[elevaracc.com/wp-content/themes/elevara/assets/images/watermark2.png]
[elevaracc.com/wp-content/themes/elevara/assets/images/next.png]
[elevaracc.com/wp-content/themes/elevara/assets/images/watermark3.png]
[elevaracc.com/wp-content/themes/elevara/assets/images/cta-banner.jpg]
[elevaracc.com/wp-content/themes/elevara/assets/images/watermark4.png]
[elevaracc.com/wp-content/themes/elevara/assets/images/phone.png]
[elevaracc.com/wp-content/themes/elevara/assets/images/email.png]
[elevaracc.com/wp-content/themes/elevara/assets/images/download.png]
[elevaracc.com/wp-content/themes/elevara/assets/images/home.png]
[elevaracc.com/wp-content/themes/elevara/assets/images/bo-watermark5.png]
[elevaracc.com/wp-content/themes/elevara/assets/images/list-arrow.png]
[elevaracc.com/wp-content/themes/elevara/assets/css/stylead05.css]
[elevaracc.com/wp-content/themes/elevara/assets/css/responsivead05.css]
[elevaracc.com/xmlrpc0db0.html]
[elevaracc.com/wp-includes/wlwmanifest.html]
[www.googletagmanager.com/gtm5445.html]
[elevaracc.com/wp-content/uploads/2020/10/logo.svg]
[elevaracc.com/wp-content/uploads/2020/09/bussiness-owner-banner.jpg]
[elevaracc.com/wp-json/wp/v2/pages/223.json]
[elevaracc.com/wp-json/oembed/1.0/embede064.json]
[elevaracc.com/wp-json/oembed/1.0/embed5b15]
[elevaracc.com/wp-content/uploads/2020/10/shutterstock_1673615035-1.jpg]
[elevaracc.com/wp-content/uploads/2020/10/frienchiese.jpg]
[elevaracc.com/wp-content/uploads/2020/10/restaurents.jpg]
[elevaracc.com/wp-content/uploads/2020/10/Untitled-e1603709696837.png]
[elevaracc.com/wp-content/uploads/2020/10/ecommerce.jpg]
[elevaracc.com/wp-content/uploads/2020/10/shutterstock_219272452-scaled.jpg]
[elevaracc.com/wp-content/uploads/2020/10/Restaurant-Accounting-Team-e1603866500481.png]
[elevaracc.com/wp-content/uploads/2020/10/Strategic-Decision-e1603865832208.png]
[elevaracc.com/wp-content/uploads/2020/10/Business-Owners-Cost-Eeffectiove-e1603865909909.png]
[elevaracc.com/business-owners/Brochure.5f.delayed]
[elevaracc.com/business-owners/index.html]
[elevaracc.com/wp-content/uploads/2020/09/accountant.jpg]
[elevaracc.com/wp-json/wp/v2/pages/134.json]
[elevaracc.com/wp-json/oembed/1.0/embeda866.json]
[elevaracc.com/wp-json/oembed/1.0/embede321]
[elevaracc.com/wp-content/uploads/2020/10/CPA-Firms-web.jpg]
[elevaracc.com/wp-content/uploads/2020/10/Accountants_Consultants-web.jpg]
[elevaracc.com/wp-content/uploads/2020/10/CFOs-web.jpg]
[elevaracc.com/wp-content/uploads/2020/10/Bookkeeping-Firms-web.jpg]
[elevaracc.com/wp-content/uploads/2020/10/Dedicated-Team.png]
[elevaracc.com/wp-content/uploads/2020/10/Accounitng-Firms-Smooth-Financiasl-1.png]
[elevaracc.com/accounting-firms/Brochure.6a.delayed]
[elevaracc.com/accounting-firms/index.html]
[elevaracc.com/wp-content/uploads/2020/10/migration-banner-1-1.jpg]
[elevaracc.com/wp-json/wp/v2/pages/136.json]
[elevaracc.com/wp-json/oembed/1.0/embed600b.json]
[elevaracc.com/wp-json/oembed/1.0/embed849a]
[elevaracc.com/wp-content/uploads/2020/10/Payable-Processing-Applications_MigrationServices.jpg]
[elevaracc.com/wp-content/uploads/2020/10/Billing-Invoicing-Applications_MigrationServices.jpg]
[elevaracc.com/wp-content/uploads/2020/10/Inventory-Management-System_MigrationServices.jpg]
[elevaracc.com/wp-content/uploads/2020/10/Expense-Management-System_MigrationServices.jpg]
[elevaracc.com/wp-content/uploads/2020/10/left_03.jpg]
[elevaracc.com/wp-content/uploads/2020/10/Accounting-System_MigrationServices.jpg]
[elevaracc.com/wp-content/uploads/2020/10/Customised-Implementation.png]
[elevaracc.com/exclusive-migration-services/Brochure.76.delayed]
[elevaracc.com/exclusive-migration-services/index.html]
[elevaracc.com/wp-content/uploads/2020/10/shutterstock_1673615035-scaled.jpg]
[elevaracc.com/wp-json/wp/v2/pages/291.json]
[elevaracc.com/wp-json/oembed/1.0/embedacc7.json]
[elevaracc.com/wp-json/oembed/1.0/embeddce1]
[elevaracc.com/wp-content/uploads/2020/10/Accounting-and-Bookkeeping-e1603866894744.png]
[elevaracc.com/wp-content/uploads/2020/10/Business-Analysis-e1603866918431.png]
[elevaracc.com/wp-content/uploads/2020/10/Annual-Accounts-and-Returns-e1603866948845.png]
[elevaracc.com/wp-content/uploads/2020/10/RD-Tax-Credit-assistance-e1603866972633.png]
[elevaracc.com/wp-content/uploads/2020/10/CFO-Services-e1603866999116.png]
[elevaracc.com/wp-content/uploads/2020/10/System-and-process-setup-e1603867021540.png]
[elevaracc.com/startups-and-smes/Brochure.81.delayed]
[elevaracc.com/startups-and-smes/index.html]
[elevaracc.com/wp-content/uploads/2020/10/frenchiese-banner.jpg]
[elevaracc.com/wp-json/wp/v2/pages/293.json]
[elevaracc.com/wp-json/oembed/1.0/embed4556.json]
[elevaracc.com/wp-json/oembed/1.0/embed3f75]
[elevaracc.com/wp-content/uploads/2020/10/Royalty-Calculations-e1603867327997.png]
[elevaracc.com/wp-content/uploads/2020/10/Inventory-Management-e1603867349220.png]
[elevaracc.com/wp-content/uploads/2020/10/Intercompany-Balances-e1603867378294.png]
[elevaracc.com/wp-content/uploads/2020/10/Payroll-e1603867422355.png]
[elevaracc.com/wp-content/uploads/2020/10/On-time-Bill-Payment-e1603867449316.png]
[elevaracc.com/franchises-and-multi-locations/Brochure.8b.delayed]
[elevaracc.com/franchises-and-multi-locations/index.html]
[elevaracc.com/wp-content/uploads/2020/09/restaurant-banner.jpg]
[elevaracc.com/wp-json/wp/v2/pages/229.json]
[elevaracc.com/wp-json/oembed/1.0/embed7355.json]
[elevaracc.com/wp-json/oembed/1.0/embedc041]
[elevaracc.com/wp-content/uploads/2020/10/Restaurant-Bookkeeping.png]
[elevaracc.com/wp-content/uploads/2020/10/Outsourcing-for-smooth-function.png]
[elevaracc.com/wp-content/uploads/2020/10/Payroll-services.png]
[elevaracc.com/wp-content/uploads/2020/10/Restaurant-Consulting.png]
[elevaracc.com/wp-content/uploads/2020/10/Monthly-financial-report.png]
[elevaracc.com/wp-content/uploads/2020/10/Purchase-Power.png]
[elevaracc.com/wp-content/uploads/2020/10/bo-why-choose-icn2.png]
[elevaracc.com/wp-content/uploads/2020/10/Understanding-of-Compliance-1.png]
[elevaracc.com/wp-content/uploads/2020/10/restaurents365.jpg]
[elevaracc.com/wp-content/uploads/2020/10/revel-system.jpg]
[elevaracc.com/wp-content/uploads/2020/10/square.jpg]
[elevaracc.com/wp-content/uploads/2020/10/stripe.jpg]
[elevaracc.com/wp-content/uploads/2020/10/toast.jpg]
[elevaracc.com/wp-content/uploads/2020/10/triplesheet.jpg]
[elevaracc.com/wp-content/uploads/2020/10/aloha.jpg]
[elevaracc.com/wp-content/uploads/2020/10/doordash.jpg]
[elevaracc.com/wp-content/uploads/2020/10/grubhub.jpg]
[elevaracc.com/wp-content/uploads/2020/10/gusto.jpg]
[elevaracc.com/wp-content/uploads/2020/10/hotschedules.jpg]
[elevaracc.com/wp-content/uploads/2020/10/micros.jpg]
[elevaracc.com/wp-content/uploads/2020/10/opentable.jpg]
[elevaracc.com/wp-content/uploads/2020/10/paylocity.jpg]
[elevaracc.com/wp-content/uploads/2020/10/plate-iq.jpg]
[elevaracc.com/restaurant/Brochure.a7.delayed]
[elevaracc.com/restaurant/index.html]
[elevaracc.com/wp-content/uploads/2020/10/shutterstock_crop-scaled.jpg]
[elevaracc.com/wp-json/wp/v2/pages/280.json]
[elevaracc.com/wp-json/oembed/1.0/embeddf1c.json]
[elevaracc.com/wp-json/oembed/1.0/embed3f9f]
[elevaracc.com/wp-content/uploads/2020/10/Complete-Financial-Review-e1608188618490.png]
[elevaracc.com/wp-content/uploads/2020/10/Budgeting-Guidance-e1603867633803.png]
[elevaracc.com/wp-content/uploads/2020/10/Controller-Services-e1603867681438.png]
[elevaracc.com/wp-content/uploads/2020/10/Operational-KPIs-e1603867706809.png]
[elevaracc.com/hotels/Brochure.b0.delayed]
[elevaracc.com/hotels/index.html]
[elevaracc.com/wp-content/uploads/2020/10/ecommerse-banner.jpg]
[elevaracc.com/wp-json/wp/v2/pages/289.json]
[elevaracc.com/wp-json/oembed/1.0/embed05a5.json]
[elevaracc.com/wp-json/oembed/1.0/embedce15]
[elevaracc.com/wp-content/uploads/2020/12/3-Way-Reconciliation.png]
[elevaracc.com/wp-content/uploads/2020/10/Process-optimization-Integration-e1603867886450.png]
[elevaracc.com/wp-content/uploads/2020/10/Business-Insights-e1603867977628.png]
[elevaracc.com/wp-content/uploads/2020/08/shopify.jpg]
[elevaracc.com/wp-content/uploads/2020/08/amzon.jpg]
[elevaracc.com/wp-content/uploads/2020/10/oie_0pSCVWJExw2v.png]
[elevaracc.com/wp-content/uploads/2020/10/oie_26144125X83sFjsR.png]
[elevaracc.com/wp-content/uploads/2020/10/oie_26144218s2n7Moca-1.png]
[elevaracc.com/ecommerce/Brochure.bd.delayed]
[elevaracc.com/ecommerce/index.html]
[elevaracc.com/wp-content/uploads/2020/10/shutterstock_2bbbbb-scaled.jpg]
[elevaracc.com/wp-json/wp/v2/pages/287.json]
[elevaracc.com/wp-json/oembed/1.0/embed29e8.json]
[elevaracc.com/wp-json/oembed/1.0/embedaefc]
[elevaracc.com/wp-content/uploads/2020/10/Revenue-Management-e1603868244392.png]
[elevaracc.com/wp-content/uploads/2020/10/Budgeting-Forecasting-e1603868266247.png]
[elevaracc.com/wp-content/uploads/2020/10/Business-Process-Improvement-e1603868290925.png]
[elevaracc.com/wp-content/uploads/2020/10/Contracts-Leases-e1603868314396.png]
[elevaracc.com/sports/Brochure.c6.delayed]
[elevaracc.com/sports/index.html]
[elevaracc.com/wp-content/uploads/2020/10/engagement-model-banner.jpg]
[elevaracc.com/wp-json/wp/v2/pages/106.json]
[elevaracc.com/wp-json/oembed/1.0/embeda6d4.json]
[elevaracc.com/wp-json/oembed/1.0/embedefc0]
[elevaracc.com/wp-content/themes/elevara/assets/images/not-approved.png]
[elevaracc.com/wp-content/themes/elevara/assets/images/approved-2.png]
[elevaracc.com/wp-content/uploads/2020/10/Accounts-Manager-e1603868490605.png]
[elevaracc.com/wp-content/uploads/2020/10/Management-Accounts-e1603868516425.png]
[elevaracc.com/wp-content/uploads/2020/10/Accounitng-Firms-Smooth-Financiasl.png]
[elevaracc.com/wp-content/uploads/2020/10/phone-and-email-support-e1603868574228.png]
[elevaracc.com/wp-content/uploads/2020/10/Flexible-model-e1603868598824.png]
[elevaracc.com/engagement-model/Brochure.d2.delayed]
[elevaracc.com/engagement-model/index.html]
[elevaracc.com/wp-content/uploads/2020/09/blog02.jpg]
[elevaracc.com/blog/page/2/index.html]
[elevaracc.com/wp-content/uploads/2023/08/Planning-to-Outsource-Bookkeeping-Tasks-Read-This-Guide-First-1-1-1980x990.jpg]
[elevaracc.com/wp-content/uploads/2023/08/Planning-to-Outsource-Bookkeeping-Tasks-Read-This-Guide-First-1-1-1200x600.jpg]
[elevaracc.com/wp-content/uploads/2023/08/9-Financial-Management-Tips-for-Small-Business-Owners-1200x675.jpg]
[elevaracc.com/bookkeeping-for-ecommerce/index.html]
[elevaracc.com/tag/accounting-and-bookkeeping-services/index.html]
[elevaracc.com/tag/hospitality-accounting-services/index.html]
[elevaracc.com/tag/outsource-bookkeeping-services/index.html]
[elevaracc.com/wp-content/uploads/2023/07/Streamline-Your-Success-Unlocking-the-Benefits-of-Outsourcing-Bookkeeping-1200x675.jpg]
[elevaracc.com/tag/accounting-services-for-small-business/index.html]
[elevaracc.com/accounting-services-for-small-business/index.html]
[elevaracc.com/tag/bookkeeping-for-a-restaurant/index.html]
[elevaracc.com/wp-content/uploads/2023/07/Brown-Modern-Woman-Business-Blog-Banner-1-1200x675.jpg]
[elevaracc.com/general/index.html]
[elevaracc.com/from-stress-to-success-how-outsourcing-bookkeeping-and-accounting-can-revolutionize-your-business/index.html]
[elevaracc.com/wp-content/uploads/2023/06/bar-restaurant-accounting-1200x675.png]
[elevaracc.com/accounting-and-bookkeeping/index.html]
[elevaracc.com/tag/accounting-services-for-small-businesses/index.html]
[elevaracc.com/bar-and-restaurant-accounting-a-blueprint-for-financial-success/index.html]
[elevaracc.com/wp-content/uploads/2023/06/Financial-Planning-for-Ecommerce-1200x675.png]
[elevaracc.com/accounting-services-for-restaurants/index.html]
[elevaracc.com/financial-planning-for-ecommerce/index.html]
[elevaracc.com/wp-content/uploads/2023/05/Taste-of-Financial-Success-1200x675.png]
[elevaracc.com/taste-of-financial-success-9-accounting-tips-for-hotels-and-restaurants/index.html]
[elevaracc.com/wp-content/uploads/2023/05/Budgeting-Made-Easy-15-Practical-Tips-for-Small-Business-Owners-1200x675.png]
[elevaracc.com/hospitality-accounting-services/index.html]
[elevaracc.com/budgeting-made-easy-practical-tips-for-small-business-owners/index.html]
[elevaracc.com/wp-content/uploads/2023/04/8-Accounting-Trends-That-You-Should-Never-Miss-in-2023-1200x675.png]
[elevaracc.com/8-accounting-trends-that-you-should-never-miss/index.html]
[elevaracc.com/wp-content/uploads/2023/04/10-Compelling-Reasons-To-Outsource-Your-Accounting-Functions-1200x675.png]
[elevaracc.com/tag/accounting-services-provider/index.html]
[elevaracc.com/10-compelling-reasons-to-outsource-your-accounting-functions/index.html]
[elevaracc.com/blog/Brochure.df.delayed]
[elevaracc.com/blog/index.html]
[elevaracc.com/wp-content/uploads/2020/10/data-security-page.jpg]
[elevaracc.com/wp-json/wp/v2/pages/312.json]
[elevaracc.com/wp-json/oembed/1.0/embed78bb.json]
[elevaracc.com/wp-json/oembed/1.0/embedbdc2]
[elevaracc.com/data-security/Brochure.e4.delayed]
[elevaracc.com/data-security/index.html]
[elevaracc.com/wp-content/uploads/2020/09/contact2.jpg]
[elevaracc.com/wp-json/wp/v2/pages/8.json]
[elevaracc.com/wp-json/oembed/1.0/embede197.json]
[elevaracc.com/wp-json/oembed/1.0/embed6d16]
[elevaracc.com/wp-content/uploads/2020/09/contact2-1200x377.jpg]
[elevaracc.com/contact/Brochure.ea.delayed]
[elevaracc.com/contact/index.html]
[assets.calendly.com/assets/external/widget.css]
[assets.calendly.com/assets/external/close-icon.svg]
[elevaracc.com/wp-content/uploads/2023/08/Planning-to-Outsource-Bookkeeping-Tasks-Read-This-Guide-First-1-1-scaled.jpg]
[elevaracc.com/wp-json/wp/v2/posts/2432.json]
[elevaracc.com/wp-json/oembed/1.0/embed9aed.json]
[elevaracc.com/wp-json/oembed/1.0/embedd489]
[elevaracc.com/planning-to-outsource-bookkeeping-tasks-read-this-guide-first/Brochure.f0.delayed]
[elevaracc.com/planning-to-outsource-bookkeeping-tasks-read-this-guide-first/index.html]
[elevaracc.com/author/elevar/index.html]
[elevaracc.com/wp-content/uploads/2023/08/9-Financial-Management-Tips-for-Small-Business-Owners.jpg]
[elevaracc.com/wp-json/wp/v2/posts/2426.json]
[elevaracc.com/wp-json/oembed/1.0/embed6254.json]
[elevaracc.com/wp-json/oembed/1.0/embeddf81]
[elevaracc.com/9-financial-management-tips-for-small-business-owners/Brochure.f5.delayed]
[elevaracc.com/9-financial-management-tips-for-small-business-owners/index.html]
[elevaracc.com/wp-content/uploads/2023/07/Streamline-Your-Success-Unlocking-the-Benefits-of-Outsourcing-Bookkeeping.jpg]
[elevaracc.com/wp-json/wp/v2/posts/2417.json]
[elevaracc.com/wp-json/oembed/1.0/embeddad8.json]
[elevaracc.com/wp-json/oembed/1.0/embed018c]
[elevaracc.com/streamline-your-success-unlocking-the-benefits-of-outsourcing-bookkeeping/Brochure.fa.delayed]
[elevaracc.com/streamline-your-success-unlocking-the-benefits-of-outsourcing-bookkeeping/index.html]
[elevaracc.com/wp-json/wp/v2/pages/542.json]
[elevaracc.com/wp-json/oembed/1.0/embed64fe.json]
[elevaracc.com/wp-json/oembed/1.0/embed7835]
[elevaracc.com/wp-content/themes/elevara/assets/images/default-banner.jpg]
[elevaracc.com/privacy-policy/Brochure.ff.delayed]
[elevaracc.com/privacy-policy/index.html]
[elevaracc.com/wp-json/wp/v2/pages/540.json]
[elevaracc.com/wp-json/oembed/1.0/embed7115.json]
[elevaracc.com/wp-json/oembed/1.0/embed2198]
[elevaracc.com/terms-of-service/Brochure.103.delayed]
[elevaracc.com/terms-of-service/index.html]
[elevaracc.com/wp-json/wp/v2/pages/2313.json]
[elevaracc.com/wp-json/oembed/1.0/embed9915.json]
[elevaracc.com/wp-json/oembed/1.0/embedf76e]
[elevaracc.com/thank-you/Brochure.107.delayed]
[elevaracc.com/thank-you/index.html]
[elevaracc.com/Brochure.html]
[elevaracc.com/wp-content/themes/elevara/assets/images/owl.video.play.html]
[elevaracc.com/wp-content/themes/elevara/assets/images/quote.html]
[elevaracc.com/wp-content/themes/elevara/assets/images/map.svg]
[elevaracc.com/wp-content/themes/elevara/assets/images/phone-call.svg]
[elevaracc.com/wp-content/themes/elevara/assets/images/email.svg]
[elevaracc.com/wp-content/themes/elevara/assets/images/listing-arrow.svg]
[elevaracc.com/indexd027.html]
[elevaracc.com/business-owners/Brochure.html]
[elevaracc.com/index47f2.html]
[elevaracc.com/accounting-firms/Brochure.html]
[elevaracc.com/index9469.html]
[elevaracc.com/exclusive-migration-services/Brochure.html]
[elevaracc.com/index820e.html]
[elevaracc.com/startups-and-smes/Brochure.html]
[elevaracc.com/index89a1.html]
[elevaracc.com/franchises-and-multi-locations/Brochure.html]
[elevaracc.com/index4580.html]
[elevaracc.com/restaurant/Brochure.html]
[elevaracc.com/index90dd.html]
[elevaracc.com/hotels/Brochure.html]
[elevaracc.com/index8902.html]
[elevaracc.com/ecommerce/Brochure.html]
[elevaracc.com/index486a.html]
[elevaracc.com/sports/Brochure.html]
[elevaracc.com/index153d.html]
[elevaracc.com/engagement-model/Brochure.html]
[elevaracc.com/wp-content/uploads/2021/05/photo-1414235077428-338989a2e8c0.jpg]
[elevaracc.com/wp-content/uploads/2020/09/blog02-1-1200x377.jpg]
[elevaracc.com/tag/restaurant/index.html]
[elevaracc.com/restaurant-accounting-solution/index.html]
[elevaracc.com/tag/restaurantaccounting/index.html]
[elevaracc.com/common-bookkeeping-errors/index.html]
[elevaracc.com/blog/page/2/Brochure.10a.delayed]
[elevaracc.com/blog/page/2/index.html]
[elevaracc.com/migrationchecklist/index.html]
[elevaracc.com/wp-json/wp/v2/categories/41.json]
[elevaracc.com/bookkeeping-for-ecommerce/Brochure.10c.delayed]
[elevaracc.com/bookkeeping-for-ecommerce/index.html]
[elevaracc.com/wp-json/wp/v2/tags/43.json]
[elevaracc.com/tag/accounting-and-bookkeeping-services/Brochure.10e.delayed]
[elevaracc.com/tag/accounting-and-bookkeeping-services/index.html]
[elevaracc.com/wp-json/wp/v2/tags/47.json]
[elevaracc.com/tag/hospitality-accounting-services/Brochure.110.delayed]
[elevaracc.com/tag/hospitality-accounting-services/index.html]
[elevaracc.com/wp-json/wp/v2/tags/45.json]
[elevaracc.com/tag/outsource-bookkeeping-services/Brochure.112.delayed]
[elevaracc.com/tag/outsource-bookkeeping-services/index.html]
[elevaracc.com/wp-json/wp/v2/categories/37.json]
[elevaracc.com/wp-content/uploads/2023/08/9-Financial-Management-Tips-for-Small-Business-Owners-1980x1114.jpg]
[elevaracc.com/accounting-services-for-small-business/Brochure.115.delayed]
[elevaracc.com/accounting-services-for-small-business/index.html]
[elevaracc.com/wp-json/wp/v2/tags/38.json]
[elevaracc.com/tag/accounting-services-for-small-business/Brochure.117.delayed]
[elevaracc.com/tag/accounting-services-for-small-business/index.html]
[elevaracc.com/wp-json/wp/v2/tags/46.json]
[elevaracc.com/tag/bookkeeping-for-a-restaurant/Brochure.119.delayed]
[elevaracc.com/tag/bookkeeping-for-a-restaurant/index.html]
[elevaracc.com/wp-json/wp/v2/categories/1.json]
[elevaracc.com/wp-content/uploads/2023/07/Streamline-Your-Success-Unlocking-the-Benefits-of-Outsourcing-Bookkeeping-1980x1114.jpg]
[elevaracc.com/general/Brochure.11c.delayed]
[elevaracc.com/general/index.html]
[elevaracc.com/wp-content/uploads/2023/07/Brown-Modern-Woman-Business-Blog-Banner-1.jpg]
[elevaracc.com/wp-json/wp/v2/posts/2414.json]
[elevaracc.com/wp-json/oembed/1.0/embed55e1.json]
[elevaracc.com/wp-json/oembed/1.0/embed0432]
[elevaracc.com/from-stress-to-success-how-outsourcing-bookkeeping-and-accounting-can-revolutionize-your-business/Brochure.121.delayed]
[elevaracc.com/from-stress-to-success-how-outsourcing-bookkeeping-and-accounting-can-revolutionize-your-business/index.html]
[elevaracc.com/wp-json/wp/v2/categories/36.json]
[elevaracc.com/wp-content/uploads/2023/07/Brown-Modern-Woman-Business-Blog-Banner-1-1980x1114.jpg]
[elevaracc.com/accounting-and-bookkeeping/Brochure.124.delayed]
[elevaracc.com/accounting-and-bookkeeping/index.html]
[elevaracc.com/wp-json/wp/v2/tags/44.json]
[elevaracc.com/tag/accounting-services-for-small-businesses/Brochure.126.delayed]
[elevaracc.com/tag/accounting-services-for-small-businesses/index.html]
[elevaracc.com/wp-content/uploads/2023/06/bar-restaurant-accounting.png]
[elevaracc.com/wp-json/wp/v2/posts/2406.json]
[elevaracc.com/wp-json/oembed/1.0/embed3db6.json]
[elevaracc.com/wp-json/oembed/1.0/embede4d3]
[elevaracc.com/bar-and-restaurant-accounting-a-blueprint-for-financial-success/Brochure.12b.delayed]
[elevaracc.com/bar-and-restaurant-accounting-a-blueprint-for-financial-success/index.html]
[elevaracc.com/wp-json/wp/v2/categories/42.json]
[elevaracc.com/wp-content/uploads/2023/06/bar-restaurant-accounting-1980x1114.png]
[elevaracc.com/accounting-services-for-restaurants/Brochure.12e.delayed]
[elevaracc.com/accounting-services-for-restaurants/index.html]
[elevaracc.com/wp-content/uploads/2023/06/Financial-Planning-for-Ecommerce.png]
[elevaracc.com/wp-json/wp/v2/posts/2401.json]
[elevaracc.com/wp-json/oembed/1.0/embed7eb4.json]
[elevaracc.com/wp-json/oembed/1.0/embeddd70]
[elevaracc.com/financial-planning-for-ecommerce/Brochure.133.delayed]
[elevaracc.com/financial-planning-for-ecommerce/index.html]
[elevaracc.com/wp-content/uploads/2023/05/Taste-of-Financial-Success-1024x576.png]
[elevaracc.com/wp-json/wp/v2/posts/2369.json]
[elevaracc.com/wp-json/oembed/1.0/embedf3a3.json]
[elevaracc.com/wp-json/oembed/1.0/embede6bf]
[elevaracc.com/taste-of-financial-success-9-accounting-tips-for-hotels-and-restaurants/Brochure.138.delayed]
[elevaracc.com/taste-of-financial-success-9-accounting-tips-for-hotels-and-restaurants/index.html]
[elevaracc.com/wp-json/wp/v2/categories/40.json]
[elevaracc.com/wp-content/uploads/2023/05/Taste-of-Financial-Success-1980x1114.png]
[elevaracc.com/hospitality-accounting-services/Brochure.13b.delayed]
[elevaracc.com/hospitality-accounting-services/index.html]
[elevaracc.com/wp-content/uploads/2023/05/Budgeting-Made-Easy-15-Practical-Tips-for-Small-Business-Owners-1024x576.png]
[elevaracc.com/wp-json/wp/v2/posts/2352.json]
[elevaracc.com/wp-json/oembed/1.0/embedfff0.json]
[elevaracc.com/wp-json/oembed/1.0/embed88ea]
[elevaracc.com/budgeting-made-easy-practical-tips-for-small-business-owners/Brochure.140.delayed]
[elevaracc.com/budgeting-made-easy-practical-tips-for-small-business-owners/index.html]
[elevaracc.com/wp-content/uploads/2023/04/8-Accounting-Trends-That-You-Should-Never-Miss-in-2023-1024x576.png]
[elevaracc.com/wp-json/wp/v2/posts/2330.json]
[elevaracc.com/wp-json/oembed/1.0/embedf682.json]
[elevaracc.com/wp-json/oembed/1.0/embedf4f8]
[elevaracc.com/8-accounting-trends-that-you-should-never-miss/Brochure.145.delayed]
[elevaracc.com/8-accounting-trends-that-you-should-never-miss/index.html]
[elevaracc.com/wp-json/wp/v2/tags/39.json]
[elevaracc.com/wp-content/uploads/2023/04/8-Accounting-Trends-That-You-Should-Never-Miss-in-2023-1980x1114.png]
[elevaracc.com/tag/accounting-services-provider/Brochure.148.delayed]
[elevaracc.com/tag/accounting-services-provider/index.html]
[elevaracc.com/wp-content/uploads/2023/04/10-Compelling-Reasons-To-Outsource-Your-Accounting-Functions.png]
[elevaracc.com/wp-json/wp/v2/posts/2301.json]
[elevaracc.com/wp-json/oembed/1.0/embede0ac.json]
[elevaracc.com/wp-json/oembed/1.0/embed27d9]
[elevaracc.com/10-compelling-reasons-to-outsource-your-accounting-functions/Brochure.14d.delayed]
[elevaracc.com/10-compelling-reasons-to-outsource-your-accounting-functions/index.html]
[elevaracc.com/blog/Brochure.html]
[elevaracc.com/index8844.html]
[elevaracc.com/data-security/Brochure.html]
[elevaracc.com/index2df4.html]
[elevaracc.com/contact/Brochure.html]
[assets.calendly.com/assets/external/close-icon.svg]
[elevaracc.com/index0354.html]
[elevaracc.com/wp-json/wp/v2/users/1.json]
[elevaracc.com/author/elevar/Brochure.14f.delayed]
[elevaracc.com/author/elevar/index.html]
[elevaracc.com/planning-to-outsource-bookkeeping-tasks-read-this-guide-first/Brochure.html]
[elevaracc.com/index9327.html]
[elevaracc.com/9-financial-management-tips-for-small-business-owners/Brochure.html]
[elevaracc.com/index9604.html]
[elevaracc.com/streamline-your-success-unlocking-the-benefits-of-outsourcing-bookkeeping/Brochure.html]
[elevaracc.com/index0d79.html]
[elevaracc.com/privacy-policy/Brochure.html]
[elevaracc.com/index092b.html]
[elevaracc.com/terms-of-service/Brochure.html]
[elevaracc.com/indexdce5.html]
[elevaracc.com/thank-you/Brochure.html]
[elevaracc.com/author/elevar/page/2/index.html]
[elevaracc.com/wp-json/wp/v2/posts/980.json]
[elevaracc.com/wp-json/oembed/1.0/embedb995.json]
[elevaracc.com/wp-json/oembed/1.0/embedaaa9]
[elevaracc.com/restaurant-accounting-solution/Brochure.153.delayed]
[elevaracc.com/restaurant-accounting-solution/index.html]
[elevaracc.com/wp-json/wp/v2/tags/34.json]
[elevaracc.com/tag/restaurant/Brochure.155.delayed]
[elevaracc.com/tag/restaurant/index.html]
[elevaracc.com/wp-json/wp/v2/tags/35.json]
[elevaracc.com/tag/restaurantaccounting/Brochure.157.delayed]
[elevaracc.com/tag/restaurantaccounting/index.html]
[elevaracc.com/wp-content/uploads/2020/09/blog02-1.jpg]
[elevaracc.com/wp-json/wp/v2/posts/162.json]
[elevaracc.com/wp-json/oembed/1.0/embed2c8b.json]
[elevaracc.com/wp-json/oembed/1.0/embed1eda]
[elevaracc.com/common-bookkeeping-errors/Brochure.15c.delayed]
[elevaracc.com/common-bookkeeping-errors/index.html]
[elevaracc.com/wp-json/wp/v2/posts/1.json]
[elevaracc.com/wp-json/oembed/1.0/embede2af.json]
[elevaracc.com/wp-json/oembed/1.0/embed6ab5]
[elevaracc.com/migrationchecklist/Brochure.160.delayed]
[elevaracc.com/migrationchecklist/index.html]
[elevaracc.com/blog/page/2/Brochure.html]
[elevaracc.com/bookkeeping-for-ecommerce/Brochure.html]
[elevaracc.com/tag/accounting-and-bookkeeping-services/Brochure.html]
[elevaracc.com/tag/hospitality-accounting-services/Brochure.html]
[elevaracc.com/tag/outsource-bookkeeping-services/Brochure.html]
[elevaracc.com/accounting-services-for-small-business/Brochure.html]
[elevaracc.com/tag/accounting-services-for-small-business/Brochure.html]
[elevaracc.com/tag/bookkeeping-for-a-restaurant/Brochure.html]
[elevaracc.com/general/Brochure.html]
[elevaracc.com/index240f.html]
[elevaracc.com/from-stress-to-success-how-outsourcing-bookkeeping-and-accounting-can-revolutionize-your-business/Brochure.html]
[elevaracc.com/accounting-and-bookkeeping/Brochure.html]
[elevaracc.com/tag/accounting-services-for-small-businesses/Brochure.html]
[elevaracc.com/indexf425.html]
[elevaracc.com/bar-and-restaurant-accounting-a-blueprint-for-financial-success/Brochure.html]
[elevaracc.com/accounting-services-for-restaurants/Brochure.html]
[elevaracc.com/index6d8e.html]
[elevaracc.com/financial-planning-for-ecommerce/Brochure.html]
[elevaracc.com/index57e2.html]
[elevaracc.com/taste-of-financial-success-9-accounting-tips-for-hotels-and-restaurants/Brochure.html]
[elevaracc.com/hospitality-accounting-services/Brochure.html]
[elevaracc.com/indexa81b.html]
[elevaracc.com/budgeting-made-easy-practical-tips-for-small-business-owners/Brochure.html]
[elevaracc.com/index95be.html]
[elevaracc.com/8-accounting-trends-that-you-should-never-miss/Brochure.html]
[elevaracc.com/tag/accounting-services-provider/Brochure.html]
[elevaracc.com/index2603.html]
[elevaracc.com/10-compelling-reasons-to-outsource-your-accounting-functions/Brochure.html]
[elevaracc.com/author/elevar/page/2/Brochure.161.delayed]
[elevaracc.com/author/elevar/page/2/index.html]
[elevaracc.com/author/elevar/Brochure.html]
[elevaracc.com/indexca89.html]
[elevaracc.com/restaurant-accounting-solution/Brochure.html]
[elevaracc.com/tag/restaurant/Brochure.html]
[elevaracc.com/tag/restaurantaccounting/Brochure.html]
[elevaracc.com/indexbbc7.html]
[elevaracc.com/common-bookkeeping-errors/Brochure.html]
[elevaracc.com/indexcff1.html]
[elevaracc.com/migrationchecklist/Brochure.html]
[elevaracc.com/author/elevar/page/2/Brochure.html]
